#-----------------------------------------------------------
# Vivado v2020.2 (64-bit)
# SW Build 3064766 on Wed Nov 18 09:12:47 MST 2020
# IP Build 3064653 on Wed Nov 18 14:17:31 MST 2020
# Start of session at: Mon May  2 16:21:09 2022
# Process ID: 249728
# Current directory: /nethome/sbn6/fpga/Lab3B
# Command line: vivado
# Log file: /nethome/sbn6/fpga/Lab3B/vivado.log
# Journal file: /nethome/sbn6/fpga/Lab3B/vivado.jou
#-----------------------------------------------------------
start_gui
open_project /nethome/sbn6/fpga/Lab3B/Lab3B_vivado/Lab3B_vivado.xpr
update_compile_order -fileset sources_1
open_bd_design {/nethome/sbn6/fpga/Lab3B/Lab3B_vivado/Lab3B_vivado.srcs/sources_1/bd/design_1/design_1.bd}
open_bd_design {/nethome/sbn6/fpga/Lab3B/Lab3B_vivado/Lab3B_vivado.srcs/sources_1/bd/design_1/design_1.bd}
startgroup
create_bd_cell -type ip -vlnv xilinx.com:hls:rayTriangleIntersect:1.0 rayTriangleIntersect_0
endgroup
set_property location {1 341 -102} [get_bd_cells rayTriangleIntersect_0]
set_property location {1.5 449 -112} [get_bd_cells rayTriangleIntersect_0]
save_bd_design
startgroup
create_bd_cell -type ip -vlnv xilinx.com:ip:zynq_ultra_ps_e:3.3 zynq_ultra_ps_e_0
endgroup
set_property location {1 144 -96} [get_bd_cells zynq_ultra_ps_e_0]
set_property -dict [list CONFIG.PSU__USE__M_AXI_GP0 {1} CONFIG.PSU__USE__M_AXI_GP2 {0} CONFIG.PSU__USE__S_AXI_GP2 {1} CONFIG.PSU__USE__S_AXI_GP3 {1} CONFIG.PSU__USE__S_AXI_GP4 {1} CONFIG.PSU__USE__S_AXI_GP5 {1} CONFIG.PSU__USE__S_AXI_GP6 {1}] [get_bd_cells zynq_ultra_ps_e_0]
set_property -dict [list CONFIG.PSU__USE__S_AXI_GP6 {1}] [get_bd_cells zynq_ultra_ps_e_0]
startgroup
apply_bd_automation -rule xilinx.com:bd_rule:axi4 -config { Clk_master {Auto} Clk_slave {Auto} Clk_xbar {Auto} Master {/zynq_ultra_ps_e_0/M_AXI_HPM0_FPD} Slave {/rayTriangleIntersect_0/s_axi_control} ddr_seg {Auto} intc_ip {New AXI Interconnect} master_apm {0}}  [get_bd_intf_pins rayTriangleIntersect_0/s_axi_control]
apply_bd_automation -rule xilinx.com:bd_rule:axi4 -config { Clk_master {Auto} Clk_slave {Auto} Clk_xbar {Auto} Master {/rayTriangleIntersect_0/m_axi_dir} Slave {/zynq_ultra_ps_e_0/S_AXI_HP0_FPD} ddr_seg {Auto} intc_ip {New AXI SmartConnect} master_apm {0}}  [get_bd_intf_pins zynq_ultra_ps_e_0/S_AXI_HP0_FPD]
apply_bd_automation -rule xilinx.com:bd_rule:axi4 -config { Clk_master {Auto} Clk_slave {Auto} Clk_xbar {Auto} Master {/rayTriangleIntersect_0/m_axi_P1_DRAM} Slave {/zynq_ultra_ps_e_0/S_AXI_HP1_FPD} ddr_seg {Auto} intc_ip {New AXI SmartConnect} master_apm {0}}  [get_bd_intf_pins zynq_ultra_ps_e_0/S_AXI_HP1_FPD]
apply_bd_automation -rule xilinx.com:bd_rule:axi4 -config { Clk_master {Auto} Clk_slave {Auto} Clk_xbar {Auto} Master {/rayTriangleIntersect_0/m_axi_P2_DRAM} Slave {/zynq_ultra_ps_e_0/S_AXI_HP2_FPD} ddr_seg {Auto} intc_ip {New AXI SmartConnect} master_apm {0}}  [get_bd_intf_pins zynq_ultra_ps_e_0/S_AXI_HP2_FPD]
apply_bd_automation -rule xilinx.com:bd_rule:axi4 -config { Clk_master {Auto} Clk_slave {Auto} Clk_xbar {Auto} Master {/rayTriangleIntersect_0/m_axi_P3_DRAM} Slave {/zynq_ultra_ps_e_0/S_AXI_HP3_FPD} ddr_seg {Auto} intc_ip {New AXI SmartConnect} master_apm {0}}  [get_bd_intf_pins zynq_ultra_ps_e_0/S_AXI_HP3_FPD]
endgroup
startgroup
set_property -dict [list CONFIG.PSU__USE__M_AXI_GP1 {1} CONFIG.PSU__USE__M_AXI_GP2 {1} CONFIG.PSU__USE__S_AXI_ACP {1} CONFIG.PSU__USE__S_AXI_GP6 {1} CONFIG.PSU__USE__S_AXI_ACE {1}] [get_bd_cells zynq_ultra_ps_e_0]
endgroup
startgroup
set_property -dict [list CONFIG.PSU__USE__M_AXI_GP1 {0} CONFIG.PSU__USE__M_AXI_GP2 {0} CONFIG.PSU__USE__S_AXI_ACP {0} CONFIG.PSU__USE__S_AXI_GP6 {0} CONFIG.PSU__USE__S_AXI_ACE {0}] [get_bd_cells zynq_ultra_ps_e_0]
endgroup
save_bd_design
make_wrapper -files [get_files /nethome/sbn6/fpga/Lab3B/Lab3B_vivado/Lab3B_vivado.srcs/sources_1/bd/design_1/design_1.bd] -top
add_files -norecurse /nethome/sbn6/fpga/Lab3B/Lab3B_vivado/Lab3B_vivado.gen/sources_1/bd/design_1/hdl/design_1_wrapper.v
startgroup
set_property -dict [list CONFIG.PSU__USE__M_AXI_GP1 {0}] [get_bd_cells zynq_ultra_ps_e_0]
endgroup
startgroup
set_property -dict [list CONFIG.PSU__USE__M_AXI_GP1 {1}] [get_bd_cells zynq_ultra_ps_e_0]
endgroup
apply_bd_automation -rule xilinx.com:bd_rule:axi4 -config { Clk_master {Auto} Clk_slave {/zynq_ultra_ps_e_0/pl_clk0 (99 MHz)} Clk_xbar {/zynq_ultra_ps_e_0/pl_clk0 (99 MHz)} Master {/zynq_ultra_ps_e_0/M_AXI_HPM1_FPD} Slave {/rayTriangleIntersect_0/s_axi_control} ddr_seg {Auto} intc_ip {/ps8_0_axi_periph} master_apm {0}}  [get_bd_intf_pins zynq_ultra_ps_e_0/M_AXI_HPM1_FPD]
startgroup
delete_bd_objs [get_bd_intf_nets rayTriangleIntersect_0_m_axi_P2_DRAM] [get_bd_intf_nets axi_smc_1_M00_AXI] [get_bd_intf_nets axi_smc_3_M00_AXI] [get_bd_intf_nets rayTriangleIntersect_0_m_axi_P3_DRAM] [get_bd_intf_nets rayTriangleIntersect_0_m_axi_dir] [get_bd_intf_nets axi_smc_2_M00_AXI] [get_bd_intf_nets zynq_ultra_ps_e_0_M_AXI_HPM1_FPD] [get_bd_intf_nets rayTriangleIntersect_0_m_axi_P1_DRAM] [get_bd_intf_nets axi_smc_M00_AXI] [get_bd_intf_nets ps8_0_axi_periph_M00_AXI] [get_bd_intf_nets zynq_ultra_ps_e_0_M_AXI_HPM0_FPD]
delete_bd_objs [get_bd_nets rst_ps8_0_99M_peripheral_aresetn] [get_bd_nets zynq_ultra_ps_e_0_pl_resetn0] [get_bd_nets zynq_ultra_ps_e_0_pl_clk0]
delete_bd_objs [get_bd_cells axi_smc_3] [get_bd_cells axi_smc] [get_bd_cells rayTriangleIntersect_0] [get_bd_cells zynq_ultra_ps_e_0] [get_bd_cells axi_smc_1] [get_bd_cells rst_ps8_0_99M] [get_bd_cells axi_smc_2]
delete_bd_objs [get_bd_cells ps8_0_axi_periph]
endgroup
save_bd_design
